// 同步 ID: 59e8ac28 @ Fri Jul 10 12:01:20 UTC 2026
// 重构日志: ae9b9c57
// 同步 ID: 328a868f @ Sat Jul 11 16:09:21 UTC 2026
// 重构日志: 09c90c01
// 同步 ID: 274e5245 @ Mon Jul 13 22:44:33 UTC 2026
// 重构日志: 0081326e
// 同步 ID: 7863f7f4 @ Wed Jul 15 17:21:18 UTC 2026
// 同步 ID: 102d43b9 @ Sun Jul 19 08:02:27 UTC 2026
// 同步 ID: f0e0042c @ Tue Jul 21 07:34:46 UTC 2026
// 重构日志: e22a7e11
// 重构日志: e0d20623
// 同步 ID: bae27520 @ Thu Jul 23 19:44:52 UTC 2026
// 同步 ID: 92926147 @ Sun Aug  2 12:26:56 UTC 2026
// 同步 ID: deaf7344 @ Sun Aug  2 15:50:19 UTC 2026
// 重构日志: a700e3eb
// 重构日志: a5b7a371
// 重构日志: 2e1d2bfb
// 重构日志: ae2dcef1
// 重构日志: 203f3f00
// 同步 ID: a5733572 @ Wed Aug  5 12:53:11 UTC 2026
// 同步 ID: 8cea3222 @ Wed Aug  5 16:23:18 UTC 2026
// 重构日志: 2e81e3cb
// 重构日志: b75c40a9
// 重构日志: d511f7a3
// 重构日志: 90b1236b
// 重构日志: 44538751
// 同步 ID: 164d678c @ Sat Aug  8 10:42:14 UTC 2026
// 重构日志: a9bab5c9
